// Jest Snapshot v1, https://goo.gl/fbAQLP

exports[`Pruebas en el componente <GifItem/> debe de ser igual al snapshot 1`] = `
<div>
  <div
    class="card"
  >
    <img
      alt="Naruto"
      src="https://naruto.com/hinata"
    />
    <p>
      Naruto
    </p>
  </div>
</div>
`;
